-------------------------------------------------------------------------------
      name:  <unnamed>
       log:  /root/data/Paper/饲料进口弹性/manuscript_cn_20260915/logs/01_manus
> cript_audit.log
  log type:  text
 opened on:  15 Sep 2026, 13:23:30

. use `"`source'/data/aids_estimation_panel.dta"', clear

. assert _N == 634

. isid province_id quarter_id

. local goods "corn sorghum cassava oats barley"

. tempname shmem

. tempfile shares

. postfile `shmem' str10 product int N positive_share zero_share imputed_price 
> ///
>     double mean_share sd_share using `shares'

. forvalues i=1/5 {
  2.     local g : word `i' of `goods'
  3.     quietly count if w_`g' > 0
  4.     local pos = r(N)
  5.     quietly count if w_`g' == 0
  6.     local zero = r(N)
  7.     quietly count if price_imputed`i' == 1
  8.     local imp = r(N)
  9.     quietly summarize w_`g'
 10.     post `shmem' ("`g'") (_N) (`pos') (`zero') (`imp') (r(mean)) (r(sd))
 11. }

. postclose `shmem'

. preserve

. use `shares', clear

. export delimited using `"`target'/tables/verified_share_description.csv"', re
> place
file /root/data/Paper/饲料进口弹性/manuscript_cn_20260915/tables/verified_share
> _description.csv saved

. restore

. 
. tempname vmem

. tempfile variables

. postfile `vmem' str24 variable int N double mean sd min median max using `var
> iables'

. foreach v in total_expenditure_usd w_corn w_sorghum w_cassava w_oats w_barley
>  {
  2.     quietly summarize `v', detail
  3.     post `vmem' ("`v'") (r(N)) (r(mean)) (r(sd)) (r(min)) (r(p50)) (r(max)
> )
  4. }

. foreach g of local goods {
  2.     gen double price_`g' = exp(lnp_`g')
  3.     quietly summarize price_`g', detail
  4.     post `vmem' ("price_`g'") (r(N)) (r(mean)) (r(sd)) (r(min)) (r(p50)) (
> r(max))
  5. }

. postclose `vmem'

. preserve

. use `variables', clear

. export delimited using `"`target'/tables/verified_variable_description.csv"',
>  replace
file /root/data/Paper/饲料进口弹性/manuscript_cn_20260915/tables/verified_varia
> ble_description.csv saved

. restore

. 
. tempname rmem

. tempfile regularity

. postfile `rmem' str12 model double min_alpha observed_share_sum ///
>     eigen1 eigen2 eigen3 eigen4 eigen5 byte reference_concave using `regulari
> ty'

. foreach model in aids quaids sy_aids sy_quaids {
  2.     local stem "`model'"
  3.     if "`model'" == "aids" local stem "basic_aids"
  4.     estimates use `"`source'/output/`stem'.ster"'
  5.     matrix A = J(5,1,0)
  6.     matrix G = J(5,5,0)
  7.     forvalues i=1/4 {
  8.         matrix A[`i',1] = _b[a`i':_cons]
  9.         forvalues j=1/4 {
 10.             local lo = min(`i',`j')
 11.             local hi = max(`i',`j')
 12.             matrix G[`i',`j'] = _b[g`lo'`hi':_cons]
 13.         }
 14.     }
 15.     mata: a=st_matrix("A"); a[5]=1-sum(a[1..4]); st_matrix("A",a)
 16.     mata: g=st_matrix("G"); g[1..4,5]=-rowsum(g[1..4,1..4]); g[5,1..4]=g[1
> ..4,5]'; g[5,5]=-sum(g[5,1..4]); st_matrix("G",g)
 17.     mata: c=g+a*a'-diag(a); ev=symeigenvalues(c); st_matrix("EV",ev); st_n
> umscalar("min_a",min(a)); st_numscalar("concave",max(ev)<1e-8)
 18.     scalar osum = 1
 19.     if inlist("`model'", "sy_aids", "sy_quaids") {
 20.         matrix D = J(5,1,0)
 21.         forvalues i=1/5 {
 22.             matrix D[`i',1] = _b[d`i':_cons]
 23.         }
 24.         preserve
 25.         import delimited using `"`source'/output/sy_selection_reference.cs
> v"', clear
 26.         gen double fitted_observed_share = .
 27.         forvalues i=1/5 {
 28.             local g : word `i' of `goods'
 29.             replace fitted_observed_share = phi_ref*A[`i',1]+pdf_ref*D[`i'
> ,1] if product=="`g'"
 30.         }
 31.         quietly summarize fitted_observed_share
 32.         scalar osum = r(sum)
 33.         export delimited using `"`target'/tables/`model'_observed_referenc
> e.csv"', replace
 34.         restore
 35.     }
 36.     post `rmem' ("`model'") (min_a) (osum) (EV[1,1]) (EV[1,2]) ///
>         (EV[1,3]) (EV[1,4]) (EV[1,5]) (concave)
 37. }
(encoding automatically selected: ISO-8859-1)
(11 vars, 5 obs)
(5 missing values generated)
(1 real change made)
(1 real change made)
(1 real change made)
(1 real change made)
(1 real change made)
file /root/data/Paper/饲料进口弹性/manuscript_cn_20260915/tables/sy_aids_observ
> ed_reference.csv saved
(encoding automatically selected: ISO-8859-1)
(11 vars, 5 obs)
(5 missing values generated)
(1 real change made)
(1 real change made)
(1 real change made)
(1 real change made)
(1 real change made)
file /root/data/Paper/饲料进口弹性/manuscript_cn_20260915/tables/sy_quaids_obse
> rved_reference.csv saved

. postclose `rmem'

. use `regularity', clear

. export delimited using `"`target'/tables/reference_regularity_audit.csv"', re
> place
file /root/data/Paper/饲料进口弹性/manuscript_cn_20260915/tables/reference_regu
> larity_audit.csv saved

. log close
      name:  <unnamed>
       log:  /root/data/Paper/饲料进口弹性/manuscript_cn_20260915/logs/01_manus
> cript_audit.log
  log type:  text
 closed on:  15 Sep 2026, 13:23:31
-------------------------------------------------------------------------------
